current directory: /home/vboxuser/confectionery_shop/test/ruby/3.2.0/gems/bindex-0.8.1/ext/skiptrace
/usr/bin/ruby3.2 -I/usr/lib/ruby/vendor_ruby extconf.rb
creating Makefile

current directory: /home/vboxuser/confectionery_shop/test/ruby/3.2.0/gems/bindex-0.8.1/ext/skiptrace
make DESTDIR\= sitearchdir\=./.gem.20241201-7455-c350qp sitelibdir\=./.gem.20241201-7455-c350qp clean

current directory: /home/vboxuser/confectionery_shop/test/ruby/3.2.0/gems/bindex-0.8.1/ext/skiptrace
make DESTDIR\= sitearchdir\=./.gem.20241201-7455-c350qp sitelibdir\=./.gem.20241201-7455-c350qp
compiling cruby.c
linking shared-object skiptrace/internal/cruby.so

current directory: /home/vboxuser/confectionery_shop/test/ruby/3.2.0/gems/bindex-0.8.1/ext/skiptrace
make DESTDIR\= sitearchdir\=./.gem.20241201-7455-c350qp sitelibdir\=./.gem.20241201-7455-c350qp install
/usr/bin/install -c -m 0755 cruby.so ./.gem.20241201-7455-c350qp/skiptrace/internal

current directory: /home/vboxuser/confectionery_shop/test/ruby/3.2.0/gems/bindex-0.8.1/ext/skiptrace
make DESTDIR\= sitearchdir\=./.gem.20241201-7455-c350qp sitelibdir\=./.gem.20241201-7455-c350qp clean
