current directory: /home/vboxuser/confectionery_shop/test/ruby/3.2.0/gems/stringio-3.1.2/ext/stringio
/usr/bin/ruby3.2 -I/usr/lib/ruby/vendor_ruby extconf.rb
creating Makefile

current directory: /home/vboxuser/confectionery_shop/test/ruby/3.2.0/gems/stringio-3.1.2/ext/stringio
make DESTDIR\= sitearchdir\=./.gem.20241201-7455-48vk3e sitelibdir\=./.gem.20241201-7455-48vk3e clean

current directory: /home/vboxuser/confectionery_shop/test/ruby/3.2.0/gems/stringio-3.1.2/ext/stringio
make DESTDIR\= sitearchdir\=./.gem.20241201-7455-48vk3e sitelibdir\=./.gem.20241201-7455-48vk3e
compiling stringio.c
linking shared-object stringio.so

current directory: /home/vboxuser/confectionery_shop/test/ruby/3.2.0/gems/stringio-3.1.2/ext/stringio
make DESTDIR\= sitearchdir\=./.gem.20241201-7455-48vk3e sitelibdir\=./.gem.20241201-7455-48vk3e install
/usr/bin/install -c -m 0755 stringio.so ./.gem.20241201-7455-48vk3e

current directory: /home/vboxuser/confectionery_shop/test/ruby/3.2.0/gems/stringio-3.1.2/ext/stringio
make DESTDIR\= sitearchdir\=./.gem.20241201-7455-48vk3e sitelibdir\=./.gem.20241201-7455-48vk3e clean
