current directory: /home/vboxuser/confectionery_shop/test/ruby/3.2.0/gems/bootsnap-1.18.4/ext/bootsnap
/usr/bin/ruby3.2 -I/usr/lib/ruby/vendor_ruby extconf.rb
checking for fdatasync() in unistd.h... yes
checking for whether -D_GNU_SOURCE is accepted as CPPFLAGS... yes
checking for whether -O3 is accepted as CFLAGS... yes
checking for whether -std=c99 is accepted as CFLAGS... yes
creating Makefile

current directory: /home/vboxuser/confectionery_shop/test/ruby/3.2.0/gems/bootsnap-1.18.4/ext/bootsnap
make DESTDIR\= sitearchdir\=./.gem.20241201-7455-qofl87 sitelibdir\=./.gem.20241201-7455-qofl87 clean

current directory: /home/vboxuser/confectionery_shop/test/ruby/3.2.0/gems/bootsnap-1.18.4/ext/bootsnap
make DESTDIR\= sitearchdir\=./.gem.20241201-7455-qofl87 sitelibdir\=./.gem.20241201-7455-qofl87
compiling bootsnap.c
linking shared-object bootsnap/bootsnap.so

current directory: /home/vboxuser/confectionery_shop/test/ruby/3.2.0/gems/bootsnap-1.18.4/ext/bootsnap
make DESTDIR\= sitearchdir\=./.gem.20241201-7455-qofl87 sitelibdir\=./.gem.20241201-7455-qofl87 install
/usr/bin/install -c -m 0755 bootsnap.so ./.gem.20241201-7455-qofl87/bootsnap

current directory: /home/vboxuser/confectionery_shop/test/ruby/3.2.0/gems/bootsnap-1.18.4/ext/bootsnap
make DESTDIR\= sitearchdir\=./.gem.20241201-7455-qofl87 sitelibdir\=./.gem.20241201-7455-qofl87 clean
