current directory: /home/vboxuser/confectionery_shop/test/ruby/3.2.0/gems/debug-1.9.2/ext/debug
/usr/bin/ruby3.2 -I/usr/lib/ruby/vendor_ruby extconf.rb
creating Makefile

current directory: /home/vboxuser/confectionery_shop/test/ruby/3.2.0/gems/debug-1.9.2/ext/debug
make DESTDIR\= sitearchdir\=./.gem.20241201-7455-sn9od3 sitelibdir\=./.gem.20241201-7455-sn9od3 clean

current directory: /home/vboxuser/confectionery_shop/test/ruby/3.2.0/gems/debug-1.9.2/ext/debug
make DESTDIR\= sitearchdir\=./.gem.20241201-7455-sn9od3 sitelibdir\=./.gem.20241201-7455-sn9od3
compiling debug.c
compiling iseq_collector.c
linking shared-object debug/debug.so

current directory: /home/vboxuser/confectionery_shop/test/ruby/3.2.0/gems/debug-1.9.2/ext/debug
make DESTDIR\= sitearchdir\=./.gem.20241201-7455-sn9od3 sitelibdir\=./.gem.20241201-7455-sn9od3 install
/usr/bin/install -c -m 0755 debug.so ./.gem.20241201-7455-sn9od3/debug

current directory: /home/vboxuser/confectionery_shop/test/ruby/3.2.0/gems/debug-1.9.2/ext/debug
make DESTDIR\= sitearchdir\=./.gem.20241201-7455-sn9od3 sitelibdir\=./.gem.20241201-7455-sn9od3 clean
