current directory: /home/vboxuser/confectionery_shop/test/ruby/3.2.0/gems/racc-1.8.1/ext/racc/cparse
/usr/bin/ruby3.2 -I/usr/lib/ruby/vendor_ruby extconf.rb
creating Makefile

current directory: /home/vboxuser/confectionery_shop/test/ruby/3.2.0/gems/racc-1.8.1/ext/racc/cparse
make DESTDIR\= sitearchdir\=./.gem.20241201-7455-8rjbfr sitelibdir\=./.gem.20241201-7455-8rjbfr clean

current directory: /home/vboxuser/confectionery_shop/test/ruby/3.2.0/gems/racc-1.8.1/ext/racc/cparse
make DESTDIR\= sitearchdir\=./.gem.20241201-7455-8rjbfr sitelibdir\=./.gem.20241201-7455-8rjbfr
compiling cparse.c
linking shared-object racc/cparse.so

current directory: /home/vboxuser/confectionery_shop/test/ruby/3.2.0/gems/racc-1.8.1/ext/racc/cparse
make DESTDIR\= sitearchdir\=./.gem.20241201-7455-8rjbfr sitelibdir\=./.gem.20241201-7455-8rjbfr install
/usr/bin/install -c -m 0755 cparse.so ./.gem.20241201-7455-8rjbfr/racc

current directory: /home/vboxuser/confectionery_shop/test/ruby/3.2.0/gems/racc-1.8.1/ext/racc/cparse
make DESTDIR\= sitearchdir\=./.gem.20241201-7455-8rjbfr sitelibdir\=./.gem.20241201-7455-8rjbfr clean
